// Jest Snapshot v1, https://goo.gl/fbAQLP

exports[`The layout component renders correctly 1`] = `
<div
  className="sc-bdVaJa UkKX"
/>
`;
